{
    "20250314 - 113": {
        "content": [
            {
                "pcgr_dir": [
                    [
                        [
                            [
                                [
                                    [
                                        [
                                            "biomarker_metadata.tsv:md5,e016110576bbffd0fadc19a28ea76f5b",
                                            "drug_metadata.tsv:md5,0e3180da576d864cd6db3512abc52709",
                                            "gene_metadata.tsv:md5,90565eaa8258e4f00f5abf0cdc99a6ca",
                                            "gwas_metadata.tsv:md5,e38e17bb1d96ccda146f87e4fac004a3",
                                            "hotspot_metadata.tsv:md5,993b4899257d1fac45a372f1b5046938",
                                            "other_metadata.tsv:md5,d2f6294b219cebe9a0498e1de1a586fb",
                                            "phenotype_metadata.tsv:md5,2fb5e5d9f534b353afd3206455c8b803"
                                        ]
                                    ],
                                    ".PCGR_BUNDLE_VERSION:md5,8be4bc2e52b81c51d90b8817a6786bbf",
                                    [
                                        [
                                            "cgi.clinical.tsv.gz:md5,ba6dd0b16aa61e9b99060c92a65b6b22",
                                            "cgi.literature.tsv.gz:md5,8cc97544662e4e98eaa19652708aacdb",
                                            "cgi.variant.tsv.gz:md5,822a1124e1aff89b0c43a813397c2a42",
                                            "civic.clinical.tsv.gz:md5,b78f0a9084adcfbcd1c0d68017de21b9",
                                            "civic.literature.tsv.gz:md5,6627f65d3755dcc6d2b1a399fc9d8b73",
                                            "civic.variant.tsv.gz:md5,b950b79efb9b2dedbea4fb1f14719257"
                                        ]
                                    ],
                                    "chromsize.grch38.tsv:md5,042441fcbd45f706c2791b978d957d3e",
                                    [
                                        [
                                            "drug_all.tsv.gz:md5,81c0459a1ed1b08dc3606965a6020ade",
                                            "drug_targeted.tsv.gz:md5,28b95785780e596964a3f46d5b01f0fd"
                                        ]
                                    ],
                                    [
                                        [
                                            [
                                                "depmap_sample_metadata.tsv.gz:md5,d7e331009b64c2ad100caa3e6dbfb08b",
                                                "depmap_tpm.tsv.gz:md5,370269e8edd1c425b1dfd37496bde2c9"
                                            ],
                                            [
                                                "tcga_acc_sample_metadata.tsv.gz:md5,d7e331009b64c2ad100caa3e6dbfb08b",
                                                "tcga_acc_tpm.tsv.gz:md5,380e889f97e31147a9e6cbea3128b49d",
                                                "tcga_blca_sample_metadata.tsv.gz:md5,d7e331009b64c2ad100caa3e6dbfb08b",
                                                "tcga_blca_tpm.tsv.gz:md5,68e3fcbf54a7b83d38f926f40ddb9fbb",
                                                "tcga_brca_sample_metadata.tsv.gz:md5,d7e331009b64c2ad100caa3e6dbfb08b",
                                                "tcga_brca_tpm.tsv.gz:md5,fb54d39f6f42e103db01bf019c761c17",
                                                "tcga_cesc_sample_metadata.tsv.gz:md5,d7e331009b64c2ad100caa3e6dbfb08b",
                                                "tcga_cesc_tpm.tsv.gz:md5,e7f253618a9987540e17258baa67265e",
                                                "tcga_chol_sample_metadata.tsv.gz:md5,d7e331009b64c2ad100caa3e6dbfb08b",
                                                "tcga_chol_tpm.tsv.gz:md5,5b9ae40c6e6bc0d0d78c217d6206ec51",
                                                "tcga_coad_sample_metadata.tsv.gz:md5,d7e331009b64c2ad100caa3e6dbfb08b",
                                                "tcga_coad_tpm.tsv.gz:md5,a0c0bb4bbcce4475b3bbfc6f46719a55",
                                                "tcga_dlbc_sample_metadata.tsv.gz:md5,d7e331009b64c2ad100caa3e6dbfb08b",
                                                "tcga_dlbc_tpm.tsv.gz:md5,7deef632532110f9caa039039ba0bb07",
                                                "tcga_esca_sample_metadata.tsv.gz:md5,d7e331009b64c2ad100caa3e6dbfb08b",
                                                "tcga_esca_tpm.tsv.gz:md5,d70759e41d45809d21a55c716281c648",
                                                "tcga_gbm_sample_metadata.tsv.gz:md5,d7e331009b64c2ad100caa3e6dbfb08b",
                                                "tcga_gbm_tpm.tsv.gz:md5,7ddf8a33dc3068bc756b0ac1edd5ee8c",
                                                "tcga_hnsc_sample_metadata.tsv.gz:md5,d7e331009b64c2ad100caa3e6dbfb08b",
                                                "tcga_hnsc_tpm.tsv.gz:md5,94bd773db0eaba472c99b2505ff25518",
                                                "tcga_kich_sample_metadata.tsv.gz:md5,d7e331009b64c2ad100caa3e6dbfb08b",
                                                "tcga_kich_tpm.tsv.gz:md5,b870af2be70f3f233d484a98e87e2173",
                                                "tcga_kirc_sample_metadata.tsv.gz:md5,d7e331009b64c2ad100caa3e6dbfb08b",
                                                "tcga_kirc_tpm.tsv.gz:md5,943852a0c9689968b6a6a127b40a6a92",
                                                "tcga_kirp_sample_metadata.tsv.gz:md5,d7e331009b64c2ad100caa3e6dbfb08b",
                                                "tcga_kirp_tpm.tsv.gz:md5,772056364f5c92266ac409898c579b57",
                                                "tcga_laml_sample_metadata.tsv.gz:md5,d7e331009b64c2ad100caa3e6dbfb08b",
                                                "tcga_laml_tpm.tsv.gz:md5,9bfb6dba1b12fca412069840a473de0e",
                                                "tcga_lgg_sample_metadata.tsv.gz:md5,d7e331009b64c2ad100caa3e6dbfb08b",
                                                "tcga_lgg_tpm.tsv.gz:md5,fc34b34db4abc5f1baf31f42b0ad8b00",
                                                "tcga_lihc_sample_metadata.tsv.gz:md5,d7e331009b64c2ad100caa3e6dbfb08b",
                                                "tcga_lihc_tpm.tsv.gz:md5,58673454c12e99b8a729bf0a2a89b512",
                                                "tcga_luad_sample_metadata.tsv.gz:md5,d7e331009b64c2ad100caa3e6dbfb08b",
                                                "tcga_luad_tpm.tsv.gz:md5,0bf5f6272a1144e90a0c424812513fa7",
                                                "tcga_lusc_sample_metadata.tsv.gz:md5,d7e331009b64c2ad100caa3e6dbfb08b",
                                                "tcga_lusc_tpm.tsv.gz:md5,825da779677759ce39c0bedb564ce4b6",
                                                "tcga_meso_sample_metadata.tsv.gz:md5,d7e331009b64c2ad100caa3e6dbfb08b",
                                                "tcga_meso_tpm.tsv.gz:md5,82ccbc41ea5a48862e03465e922addd9",
                                                "tcga_ov_sample_metadata.tsv.gz:md5,d7e331009b64c2ad100caa3e6dbfb08b",
                                                "tcga_ov_tpm.tsv.gz:md5,786300669f76cd601969a2ab167ddc3f",
                                                "tcga_paad_sample_metadata.tsv.gz:md5,d7e331009b64c2ad100caa3e6dbfb08b",
                                                "tcga_paad_tpm.tsv.gz:md5,a675cbc08782ff09a4bb456847d7245f",
                                                "tcga_pcpg_sample_metadata.tsv.gz:md5,d7e331009b64c2ad100caa3e6dbfb08b",
                                                "tcga_pcpg_tpm.tsv.gz:md5,9af6fda9a3d092d972067da9b268601d",
                                                "tcga_prad_sample_metadata.tsv.gz:md5,d7e331009b64c2ad100caa3e6dbfb08b",
                                                "tcga_prad_tpm.tsv.gz:md5,343386df9c35c879d1d42eec06af4f74",
                                                "tcga_read_sample_metadata.tsv.gz:md5,d7e331009b64c2ad100caa3e6dbfb08b",
                                                "tcga_read_tpm.tsv.gz:md5,a7563a01f2cc1d652bfe70214e9b0c2e",
                                                "tcga_sarc_sample_metadata.tsv.gz:md5,d7e331009b64c2ad100caa3e6dbfb08b",
                                                "tcga_sarc_tpm.tsv.gz:md5,dbce85a5c7b645dff1885c8cc8ad20cc",
                                                "tcga_skcm_sample_metadata.tsv.gz:md5,d7e331009b64c2ad100caa3e6dbfb08b",
                                                "tcga_skcm_tpm.tsv.gz:md5,2b6f6c1c11a566e65d44babf58bc0873",
                                                "tcga_stad_sample_metadata.tsv.gz:md5,d7e331009b64c2ad100caa3e6dbfb08b",
                                                "tcga_stad_tpm.tsv.gz:md5,141795b4dc897874a4112f3eb25d3417",
                                                "tcga_tgct_sample_metadata.tsv.gz:md5,d7e331009b64c2ad100caa3e6dbfb08b",
                                                "tcga_tgct_tpm.tsv.gz:md5,9d01ff62a4c7ed1901af332d97eefa27",
                                                "tcga_thca_sample_metadata.tsv.gz:md5,d7e331009b64c2ad100caa3e6dbfb08b",
                                                "tcga_thca_tpm.tsv.gz:md5,30df12da3bbadc18993cad54c530c22e",
                                                "tcga_thym_sample_metadata.tsv.gz:md5,d7e331009b64c2ad100caa3e6dbfb08b",
                                                "tcga_thym_tpm.tsv.gz:md5,3d2b6ff309320865dad9e3c23484245b",
                                                "tcga_ucec_sample_metadata.tsv.gz:md5,d7e331009b64c2ad100caa3e6dbfb08b",
                                                "tcga_ucec_tpm.tsv.gz:md5,abc72876861d8c90639a8f1f74cad305",
                                                "tcga_ucs_sample_metadata.tsv.gz:md5,d7e331009b64c2ad100caa3e6dbfb08b",
                                                "tcga_ucs_tpm.tsv.gz:md5,3fddfc4846f36cc69a594abddbd9112b",
                                                "tcga_uvm_sample_metadata.tsv.gz:md5,d7e331009b64c2ad100caa3e6dbfb08b",
                                                "tcga_uvm_tpm.tsv.gz:md5,893f75c46eca170e22faefead24d4c3d"
                                            ],
                                            [
                                                "treehouse_sample_metadata.tsv.gz:md5,d7e331009b64c2ad100caa3e6dbfb08b",
                                                "treehouse_tpm.tsv.gz:md5,3c2f63b4f8424fff31784bf6f43802c5"
                                            ]
                                        ]
                                    ],
                                    [
                                        [
                                            "depmap.fusions.tsv.gz:md5,0d6eadfdc6e4bd69340540340164b398",
                                            "depmap.models.tsv.gz:md5,6eefa82b50586d9946bbcf64f788c59b",
                                            "mitelmandb.clinical.tsv.gz:md5,9175ad1d0c236e04f204400019824ff2",
                                            "mitelmandb.literature.tsv.gz:md5,4a56d61d9b383c4cbf72f6943810ff24",
                                            "mitelmandb.variant.tsv.gz:md5,e082beb1bdc5486915c3cc0b21fd3f30"
                                        ]
                                    ],
                                    [
                                        [
                                            [
                                                "gene_transcript_xref.bed.gz:md5,42e8742d6896c58e5854788eb8ca07e7",
                                                "gene_transcript_xref.bed.gz.tbi:md5,05220c75e3181442229158ba013ddef1",
                                                "gene_transcript_xref.vcfanno.vcf_info_tags.txt:md5,e50485a720100177657582e327d5c867",
                                                "gene_transcript_xref_pc_nopad.bed.gz:md5,a52d00ed20bd4130e2753eeddfd6e9cd",
                                                "gene_transcript_xref_pc_nopad.bed.gz.tbi:md5,bbc29a74451d12c3afc26a14515e8238"
                                            ],
                                            [
                                                "0.bed.gz:md5,aa2df770964ed4c6abfc21f50d16b3a7",
                                                "0.bed.gz.tbi:md5,c86ef3f785360c30deec0c7c06929cf6",
                                                "1.GREEN.bed.gz:md5,d41d8cd98f00b204e9800998ecf8427e",
                                                "1.GREEN.bed.gz.tbi:md5,dc55f38678651304de7e624cde641684",
                                                "1.bed.gz:md5,d41d8cd98f00b204e9800998ecf8427e",
                                                "1.bed.gz.tbi:md5,dc55f38678651304de7e624cde641684",
                                                "10.GREEN.bed.gz:md5,d41d8cd98f00b204e9800998ecf8427e",
                                                "10.GREEN.bed.gz.tbi:md5,dc55f38678651304de7e624cde641684",
                                                "10.bed.gz:md5,d41d8cd98f00b204e9800998ecf8427e",
                                                "10.bed.gz.tbi:md5,dc55f38678651304de7e624cde641684",
                                                "11.GREEN.bed.gz:md5,d41d8cd98f00b204e9800998ecf8427e",
                                                "11.GREEN.bed.gz.tbi:md5,dc55f38678651304de7e624cde641684",
                                                "11.bed.gz:md5,d41d8cd98f00b204e9800998ecf8427e",
                                                "11.bed.gz.tbi:md5,dc55f38678651304de7e624cde641684",
                                                "12.GREEN.bed.gz:md5,d41d8cd98f00b204e9800998ecf8427e",
                                                "12.GREEN.bed.gz.tbi:md5,dc55f38678651304de7e624cde641684",
                                                "12.bed.gz:md5,d41d8cd98f00b204e9800998ecf8427e",
                                                "12.bed.gz.tbi:md5,dc55f38678651304de7e624cde641684",
                                                "13.GREEN.bed.gz:md5,d41d8cd98f00b204e9800998ecf8427e",
                                                "13.GREEN.bed.gz.tbi:md5,dc55f38678651304de7e624cde641684",
                                                "13.bed.gz:md5,d41d8cd98f00b204e9800998ecf8427e",
                                                "13.bed.gz.tbi:md5,dc55f38678651304de7e624cde641684",
                                                "14.GREEN.bed.gz:md5,d41d8cd98f00b204e9800998ecf8427e",
                                                "14.GREEN.bed.gz.tbi:md5,dc55f38678651304de7e624cde641684",
                                                "14.bed.gz:md5,d41d8cd98f00b204e9800998ecf8427e",
                                                "14.bed.gz.tbi:md5,dc55f38678651304de7e624cde641684",
                                                "15.GREEN.bed.gz:md5,d41d8cd98f00b204e9800998ecf8427e",
                                                "15.GREEN.bed.gz.tbi:md5,dc55f38678651304de7e624cde641684",
                                                "15.bed.gz:md5,d41d8cd98f00b204e9800998ecf8427e",
                                                "15.bed.gz.tbi:md5,dc55f38678651304de7e624cde641684",
                                                "16.GREEN.bed.gz:md5,d41d8cd98f00b204e9800998ecf8427e",
                                                "16.GREEN.bed.gz.tbi:md5,dc55f38678651304de7e624cde641684",
                                                "16.bed.gz:md5,d41d8cd98f00b204e9800998ecf8427e",
                                                "16.bed.gz.tbi:md5,dc55f38678651304de7e624cde641684",
                                                "17.GREEN.bed.gz:md5,d41d8cd98f00b204e9800998ecf8427e",
                                                "17.GREEN.bed.gz.tbi:md5,dc55f38678651304de7e624cde641684",
                                                "17.bed.gz:md5,d41d8cd98f00b204e9800998ecf8427e",
                                                "17.bed.gz.tbi:md5,dc55f38678651304de7e624cde641684",
                                                "18.GREEN.bed.gz:md5,d41d8cd98f00b204e9800998ecf8427e",
                                                "18.GREEN.bed.gz.tbi:md5,dc55f38678651304de7e624cde641684",
                                                "18.bed.gz:md5,d41d8cd98f00b204e9800998ecf8427e",
                                                "18.bed.gz.tbi:md5,dc55f38678651304de7e624cde641684",
                                                "19.GREEN.bed.gz:md5,d41d8cd98f00b204e9800998ecf8427e",
                                                "19.GREEN.bed.gz.tbi:md5,dc55f38678651304de7e624cde641684",
                                                "19.bed.gz:md5,d41d8cd98f00b204e9800998ecf8427e",
                                                "19.bed.gz.tbi:md5,dc55f38678651304de7e624cde641684",
                                                "2.GREEN.bed.gz:md5,d41d8cd98f00b204e9800998ecf8427e",
                                                "2.GREEN.bed.gz.tbi:md5,dc55f38678651304de7e624cde641684",
                                                "2.bed.gz:md5,d41d8cd98f00b204e9800998ecf8427e",
                                                "2.bed.gz.tbi:md5,dc55f38678651304de7e624cde641684",
                                                "20.GREEN.bed.gz:md5,d41d8cd98f00b204e9800998ecf8427e",
                                                "20.GREEN.bed.gz.tbi:md5,dc55f38678651304de7e624cde641684",
                                                "20.bed.gz:md5,d41d8cd98f00b204e9800998ecf8427e",
                                                "20.bed.gz.tbi:md5,dc55f38678651304de7e624cde641684",
                                                "21.GREEN.bed.gz:md5,d41d8cd98f00b204e9800998ecf8427e",
                                                "21.GREEN.bed.gz.tbi:md5,dc55f38678651304de7e624cde641684",
                                                "21.bed.gz:md5,f1f651b2486277883fa8c3018c7bc63a",
                                                "21.bed.gz.tbi:md5,dac3b1c28683f6911fc5666ecb5f3d9f",
                                                "22.GREEN.bed.gz:md5,d41d8cd98f00b204e9800998ecf8427e",
                                                "22.GREEN.bed.gz.tbi:md5,dc55f38678651304de7e624cde641684",
                                                "22.bed.gz:md5,d41d8cd98f00b204e9800998ecf8427e",
                                                "22.bed.gz.tbi:md5,dc55f38678651304de7e624cde641684",
                                                "23.GREEN.bed.gz:md5,d41d8cd98f00b204e9800998ecf8427e",
                                                "23.GREEN.bed.gz.tbi:md5,dc55f38678651304de7e624cde641684",
                                                "23.bed.gz:md5,d41d8cd98f00b204e9800998ecf8427e",
                                                "23.bed.gz.tbi:md5,dc55f38678651304de7e624cde641684",
                                                "24.GREEN.bed.gz:md5,d41d8cd98f00b204e9800998ecf8427e",
                                                "24.GREEN.bed.gz.tbi:md5,dc55f38678651304de7e624cde641684",
                                                "24.bed.gz:md5,d41d8cd98f00b204e9800998ecf8427e",
                                                "24.bed.gz.tbi:md5,dc55f38678651304de7e624cde641684",
                                                "25.GREEN.bed.gz:md5,d41d8cd98f00b204e9800998ecf8427e",
                                                "25.GREEN.bed.gz.tbi:md5,dc55f38678651304de7e624cde641684",
                                                "25.bed.gz:md5,d41d8cd98f00b204e9800998ecf8427e",
                                                "25.bed.gz.tbi:md5,dc55f38678651304de7e624cde641684",
                                                "26.GREEN.bed.gz:md5,d41d8cd98f00b204e9800998ecf8427e",
                                                "26.GREEN.bed.gz.tbi:md5,dc55f38678651304de7e624cde641684",
                                                "26.bed.gz:md5,d41d8cd98f00b204e9800998ecf8427e",
                                                "26.bed.gz.tbi:md5,dc55f38678651304de7e624cde641684",
                                                "27.GREEN.bed.gz:md5,d41d8cd98f00b204e9800998ecf8427e",
                                                "27.GREEN.bed.gz.tbi:md5,dc55f38678651304de7e624cde641684",
                                                "27.bed.gz:md5,d41d8cd98f00b204e9800998ecf8427e",
                                                "27.bed.gz.tbi:md5,dc55f38678651304de7e624cde641684",
                                                "28.GREEN.bed.gz:md5,d41d8cd98f00b204e9800998ecf8427e",
                                                "28.GREEN.bed.gz.tbi:md5,dc55f38678651304de7e624cde641684",
                                                "28.bed.gz:md5,d41d8cd98f00b204e9800998ecf8427e",
                                                "28.bed.gz.tbi:md5,dc55f38678651304de7e624cde641684",
                                                "29.GREEN.bed.gz:md5,d41d8cd98f00b204e9800998ecf8427e",
                                                "29.GREEN.bed.gz.tbi:md5,dc55f38678651304de7e624cde641684",
                                                "29.bed.gz:md5,d41d8cd98f00b204e9800998ecf8427e",
                                                "29.bed.gz.tbi:md5,dc55f38678651304de7e624cde641684",
                                                "3.GREEN.bed.gz:md5,d41d8cd98f00b204e9800998ecf8427e",
                                                "3.GREEN.bed.gz.tbi:md5,dc55f38678651304de7e624cde641684",
                                                "3.bed.gz:md5,d41d8cd98f00b204e9800998ecf8427e",
                                                "3.bed.gz.tbi:md5,dc55f38678651304de7e624cde641684",
                                                "30.GREEN.bed.gz:md5,d41d8cd98f00b204e9800998ecf8427e",
                                                "30.GREEN.bed.gz.tbi:md5,dc55f38678651304de7e624cde641684",
                                                "30.bed.gz:md5,d41d8cd98f00b204e9800998ecf8427e",
                                                "30.bed.gz.tbi:md5,dc55f38678651304de7e624cde641684",
                                                "31.GREEN.bed.gz:md5,d41d8cd98f00b204e9800998ecf8427e",
                                                "31.GREEN.bed.gz.tbi:md5,dc55f38678651304de7e624cde641684",
                                                "31.bed.gz:md5,d41d8cd98f00b204e9800998ecf8427e",
                                                "31.bed.gz.tbi:md5,dc55f38678651304de7e624cde641684",
                                                "32.GREEN.bed.gz:md5,d41d8cd98f00b204e9800998ecf8427e",
                                                "32.GREEN.bed.gz.tbi:md5,dc55f38678651304de7e624cde641684",
                                                "32.bed.gz:md5,d41d8cd98f00b204e9800998ecf8427e",
                                                "32.bed.gz.tbi:md5,dc55f38678651304de7e624cde641684",
                                                "33.GREEN.bed.gz:md5,d41d8cd98f00b204e9800998ecf8427e",
                                                "33.GREEN.bed.gz.tbi:md5,dc55f38678651304de7e624cde641684",
                                                "33.bed.gz:md5,d41d8cd98f00b204e9800998ecf8427e",
                                                "33.bed.gz.tbi:md5,dc55f38678651304de7e624cde641684",
                                                "34.GREEN.bed.gz:md5,d41d8cd98f00b204e9800998ecf8427e",
                                                "34.GREEN.bed.gz.tbi:md5,dc55f38678651304de7e624cde641684",
                                                "34.bed.gz:md5,d41d8cd98f00b204e9800998ecf8427e",
                                                "34.bed.gz.tbi:md5,dc55f38678651304de7e624cde641684",
                                                "35.GREEN.bed.gz:md5,d41d8cd98f00b204e9800998ecf8427e",
                                                "35.GREEN.bed.gz.tbi:md5,dc55f38678651304de7e624cde641684",
                                                "35.bed.gz:md5,d41d8cd98f00b204e9800998ecf8427e",
                                                "35.bed.gz.tbi:md5,dc55f38678651304de7e624cde641684",
                                                "36.GREEN.bed.gz:md5,d41d8cd98f00b204e9800998ecf8427e",
                                                "36.GREEN.bed.gz.tbi:md5,dc55f38678651304de7e624cde641684",
                                                "36.bed.gz:md5,d41d8cd98f00b204e9800998ecf8427e",
                                                "36.bed.gz.tbi:md5,dc55f38678651304de7e624cde641684",
                                                "37.GREEN.bed.gz:md5,d41d8cd98f00b204e9800998ecf8427e",
                                                "37.GREEN.bed.gz.tbi:md5,dc55f38678651304de7e624cde641684",
                                                "37.bed.gz:md5,d41d8cd98f00b204e9800998ecf8427e",
                                                "37.bed.gz.tbi:md5,dc55f38678651304de7e624cde641684",
                                                "38.GREEN.bed.gz:md5,d41d8cd98f00b204e9800998ecf8427e",
                                                "38.GREEN.bed.gz.tbi:md5,dc55f38678651304de7e624cde641684",
                                                "38.bed.gz:md5,d41d8cd98f00b204e9800998ecf8427e",
                                                "38.bed.gz.tbi:md5,dc55f38678651304de7e624cde641684",
                                                "39.GREEN.bed.gz:md5,d41d8cd98f00b204e9800998ecf8427e",
                                                "39.GREEN.bed.gz.tbi:md5,dc55f38678651304de7e624cde641684",
                                                "39.bed.gz:md5,d41d8cd98f00b204e9800998ecf8427e",
                                                "39.bed.gz.tbi:md5,dc55f38678651304de7e624cde641684",
                                                "4.GREEN.bed.gz:md5,d41d8cd98f00b204e9800998ecf8427e",
                                                "4.GREEN.bed.gz.tbi:md5,dc55f38678651304de7e624cde641684",
                                                "4.bed.gz:md5,d41d8cd98f00b204e9800998ecf8427e",
                                                "4.bed.gz.tbi:md5,dc55f38678651304de7e624cde641684",
                                                "40.GREEN.bed.gz:md5,d41d8cd98f00b204e9800998ecf8427e",
                                                "40.GREEN.bed.gz.tbi:md5,dc55f38678651304de7e624cde641684",
                                                "40.bed.gz:md5,d41d8cd98f00b204e9800998ecf8427e",
                                                "40.bed.gz.tbi:md5,dc55f38678651304de7e624cde641684",
                                                "41.GREEN.bed.gz:md5,d41d8cd98f00b204e9800998ecf8427e",
                                                "41.GREEN.bed.gz.tbi:md5,dc55f38678651304de7e624cde641684",
                                                "41.bed.gz:md5,d41d8cd98f00b204e9800998ecf8427e",
                                                "41.bed.gz.tbi:md5,dc55f38678651304de7e624cde641684",
                                                "42.GREEN.bed.gz:md5,d41d8cd98f00b204e9800998ecf8427e",
                                                "42.GREEN.bed.gz.tbi:md5,dc55f38678651304de7e624cde641684",
                                                "42.bed.gz:md5,d41d8cd98f00b204e9800998ecf8427e",
                                                "42.bed.gz.tbi:md5,dc55f38678651304de7e624cde641684",
                                                "43.GREEN.bed.gz:md5,d41d8cd98f00b204e9800998ecf8427e",
                                                "43.GREEN.bed.gz.tbi:md5,dc55f38678651304de7e624cde641684",
                                                "43.bed.gz:md5,d41d8cd98f00b204e9800998ecf8427e",
                                                "43.bed.gz.tbi:md5,dc55f38678651304de7e624cde641684",
                                                "44.GREEN.bed.gz:md5,d41d8cd98f00b204e9800998ecf8427e",
                                                "44.GREEN.bed.gz.tbi:md5,dc55f38678651304de7e624cde641684",
                                                "44.bed.gz:md5,d41d8cd98f00b204e9800998ecf8427e",
                                                "44.bed.gz.tbi:md5,dc55f38678651304de7e624cde641684",
                                                "5.GREEN.bed.gz:md5,d41d8cd98f00b204e9800998ecf8427e",
                                                "5.GREEN.bed.gz.tbi:md5,dc55f38678651304de7e624cde641684",
                                                "5.bed.gz:md5,d41d8cd98f00b204e9800998ecf8427e",
                                                "5.bed.gz.tbi:md5,dc55f38678651304de7e624cde641684",
                                                "6.GREEN.bed.gz:md5,d41d8cd98f00b204e9800998ecf8427e",
                                                "6.GREEN.bed.gz.tbi:md5,dc55f38678651304de7e624cde641684",
                                                "6.bed.gz:md5,d41d8cd98f00b204e9800998ecf8427e",
                                                "6.bed.gz.tbi:md5,dc55f38678651304de7e624cde641684",
                                                "7.GREEN.bed.gz:md5,d41d8cd98f00b204e9800998ecf8427e",
                                                "7.GREEN.bed.gz.tbi:md5,dc55f38678651304de7e624cde641684",
                                                "7.bed.gz:md5,d41d8cd98f00b204e9800998ecf8427e",
                                                "7.bed.gz.tbi:md5,dc55f38678651304de7e624cde641684",
                                                "8.GREEN.bed.gz:md5,d41d8cd98f00b204e9800998ecf8427e",
                                                "8.GREEN.bed.gz.tbi:md5,dc55f38678651304de7e624cde641684",
                                                "8.bed.gz:md5,d41d8cd98f00b204e9800998ecf8427e",
                                                "8.bed.gz.tbi:md5,dc55f38678651304de7e624cde641684",
                                                "9.GREEN.bed.gz:md5,d41d8cd98f00b204e9800998ecf8427e",
                                                "9.GREEN.bed.gz.tbi:md5,dc55f38678651304de7e624cde641684",
                                                "9.bed.gz:md5,d41d8cd98f00b204e9800998ecf8427e",
                                                "9.bed.gz.tbi:md5,dc55f38678651304de7e624cde641684",
                                                "cancer_target.bed.gz:md5,d41d8cd98f00b204e9800998ecf8427e",
                                                "cancer_target.bed.gz.tbi:md5,dc55f38678651304de7e624cde641684"
                                            ]
                                        ],
                                        [
                                            [
                                                "gene_cpg.tsv.gz:md5,57aa9686d8a4d6c1b5ac5688c3120577"
                                            ],
                                            [
                                                "gene_index.tsv.gz:md5,21ebf977533985b51baac91f7c4f6bb7",
                                                "gene_transcript_xref.tsv.gz:md5,fd44ff02d813d60725e65e890f723b50",
                                                "gene_transcript_xref_bedmap.tsv.gz:md5,7878b4d0430d2a0d6e6e4f3f81c5ef59",
                                                "otp_rank.tsv.gz:md5,e5121b8c9772789cfe6d2966f86fb4f1"
                                            ],
                                            [
                                                "gene_virtual_panel.tsv.gz:md5,fe72b9feeeaae214debf3bbc7a6f8d56"
                                            ]
                                        ]
                                    ],
                                    [
                                        [
                                            [
                                                "cytoband.bed.gz:md5,0d27c23357bdbf59f1e4978d0fd854e3",
                                                "cytoband.bed.gz.tbi:md5,3cd732ff0bbf49707dfc7d074f57d0e1"
                                            ],
                                            [
                                                "gerp.bed.gz:md5,3f52555fcca7481af1f770eece506de2",
                                                "gerp.bed.gz.tbi:md5,455a5f9fc55b5f3cedcaed80dcaef7b7",
                                                "gerp.vcfanno.vcf_info_tags.txt:md5,2a2f5b3be25120274cd5df9f299af11f"
                                            ],
                                            [
                                                
                                            ],
                                            [
                                                "rmsk.bed.gz:md5,893fe3a6397c4d58533cd262d73173e5",
                                                "rmsk.bed.gz.tbi:md5,14051c5c2a2bd995e20efe12aee40764",
                                                "rmsk.vcfanno.vcf_info_tags.txt:md5,b92ed2124a575b3c8915ad8c260b6192"
                                            ],
                                            [
                                                "simplerepeat.bed.gz:md5,6d543c11122f0366b8123c92322c11bf",
                                                "simplerepeat.bed.gz.tbi:md5,b40e44d4493e2a1407f476d62a01ee09",
                                                "simplerepeat.vcfanno.vcf_info_tags.txt:md5,7d79654ab1027eeac81700e759f0d5f4"
                                            ],
                                            [
                                                "winmsk.bed.gz:md5,dd8a4bd24cdde35d2ad04b565ee59951",
                                                "winmsk.bed.gz.tbi:md5,a581e1f177103dc2d25d538e32184146",
                                                "winmsk.vcfanno.vcf_info_tags.txt:md5,2d1a3a5ca0c7b0c4b3491b2e723fd189"
                                            ]
                                        ],
                                        [
                                            [
                                                
                                            ],
                                            [
                                                "Homo_sapiens.GRCh38.dna.primary_assembly.fa.gz:md5,f087704aed88960b1e665edc5cbba34e",
                                                "Homo_sapiens.GRCh38.dna.primary_assembly.fa.gz.fai:md5,3e7c24ebf4dc2ce4bf9b555a4d93926f",
                                                "Homo_sapiens.GRCh38.dna.primary_assembly.fa.gz.gzi:md5,949a7b5f32e45b17fa1217c69afdaddf"
                                            ]
                                        ],
                                        [
                                            [
                                                "tcga_msi_classifier.html:md5,b81386bd9dd0e61244d266160eeb59ab",
                                                "tcga_msi_classifier.rds:md5,be04323d63258d16e25aefaa1a06c5bc"
                                            ]
                                        ],
                                        [
                                            [
                                                
                                            ],
                                            [
                                                "cytoband.tsv.gz:md5,427311d6aba6b4f4a9d05e8f6a82bef1"
                                            ],
                                            [
                                                "grantham.tsv:md5,3cb246982ce91243a34447523820ef6a"
                                            ],
                                            [
                                                "hotspot.tsv.gz:md5,f44702b047ed57bc171b9d184327a3cb",
                                                "hotspot_long.tsv.gz:md5,410e629c7ece674b96b27d35dc2ba3be"
                                            ],
                                            [
                                                "mutational_signature.tsv.gz:md5,d6e62c0716e9f8f8975e8eade6775262"
                                            ],
                                            [
                                                "mutsplicedb.tsv:md5,e40701986ecdc00dffde5285c625da9d"
                                            ],
                                            [
                                                "oncogenicity.tsv:md5,a26e3d7520358df4fa37cdbefacd0160"
                                            ],
                                            [
                                                "pathway.tsv.gz:md5,8e508639c1a2be912faee5a59c06b2dd"
                                            ],
                                            [
                                                "protein_domain.tsv.gz:md5,ab9fe40213a9a0f7f22cf52ea593b6cb"
                                            ],
                                            [
                                                "tmb.tsv.gz:md5,3546b5548e50338018b12d2797098d10"
                                            ]
                                        ]
                                    ],
                                    [
                                        [
                                            "phenotype_onco.tsv.gz:md5,7849350b72d590940bfee66cdb8689b8",
                                            "phenotype_umls.tsv.gz:md5,b12214af58d3689a9969acf443834c00"
                                        ]
                                    ],
                                    [
                                        [
                                            [
                                                "clinvar.tsv.gz:md5,63c01164289a4a19b9b8d26d946db301",
                                                "clinvar_gene_varstats.tsv.gz:md5,35943b3757d7c35886c3e73ca1c8ab8e",
                                                "clinvar_oncogenic.tsv.gz:md5,842c7b4721e81ee78b37134e14e2f8cf",
                                                "clinvar_sites.tsv.gz:md5,02811c086337d593adef4efc6774d499"
                                            ],
                                            [
                                                "gwas.tsv.gz:md5,fe08591ad9f975a8296c5ca1701503f5"
                                            ]
                                        ],
                                        [
                                            [
                                                "clinvar.vcf.gz:md5,a811a44f99c2d878ea3e7f46e8f4ce61",
                                                "clinvar.vcf.gz.tbi:md5,d8093fcb5e19e628f99151d5a26a76b7",
                                                "clinvar.vcf_varstats.tsv:md5,b3e1c0e534cc58364911b860457a979e",
                                                "clinvar.vcfanno.vcf_info_tags.txt:md5,24a8b4278d7429f51d84bc5f07f9e31e"
                                            ],
                                            [
                                                "dbmts.vcf.gz:md5,5fc0d42195b740e5ee5531f8f2d41397",
                                                "dbmts.vcf.gz.tbi:md5,2f75363843f1d7166ee63e5f84fbe349",
                                                "dbmts.vcf_varstats.tsv:md5,eb9d31aa90e811dbc736b87bdcd0eb0d",
                                                "dbmts.vcfanno.vcf_info_tags.txt:md5,ff304e244a1a21854f7b51e81bf6a291"
                                            ],
                                            [
                                                "dbnsfp.vcf.gz:md5,56fcffca9bd9be118bdcdec6f7a5b61f",
                                                "dbnsfp.vcf.gz.tbi:md5,ef3aeb5d62219cda18806b5ebf704459",
                                                "dbnsfp.vcf_varstats.tsv:md5,572d6ad0a51ef6f2aa0f7a29ed242cda",
                                                "dbnsfp.vcfanno.vcf_info_tags.txt:md5,3f9423ad9302f5ed3b722efaa10b6d02"
                                            ],
                                            [
                                                "gnomad_non_cancer.vcf.gz:md5,6335f3dc6a3f232afa8342b5fdbfc6e8",
                                                "gnomad_non_cancer.vcf.gz.tbi:md5,58187f48acfc23d28206f08e2359bbee",
                                                "gnomad_non_cancer.vcf_varstats.tsv:md5,17504240c201b3771490928452d50128",
                                                "gnomad_non_cancer.vcfanno.vcf_info_tags.txt:md5,aa07db83720a31abfead2d362b062518"
                                            ],
                                            [
                                                "gwas.vcf.gz:md5,e2aada868aa87e8de61c69b92302b569",
                                                "gwas.vcf.gz.tbi:md5,60517b604012ad3ee5dbb048978ced2d",
                                                "gwas.vcf_varstats.tsv:md5,c1c44f2357984f468684b2d06fc4f454",
                                                "gwas.vcfanno.vcf_info_tags.txt:md5,91e1173e27f512dc3fbecb7bdb95e050"
                                            ],
                                            [
                                                "panel_of_normals.vcfanno.vcf_info_tags.txt:md5,da558a031991c94497c2617fd6f14da0"
                                            ],
                                            [
                                                "tcga.vcf.gz:md5,40cc9a676d1fa7640df1792a2924a825",
                                                "tcga.vcf.gz.tbi:md5,58c6d97000aa6e1360dcd50c7b41a1b1",
                                                "tcga.vcf_varstats.tsv:md5,650d2133f203e30fa4e12bce9dd96542",
                                                "tcga.vcfanno.vcf_info_tags.txt:md5,ba1332b53cdf4cb44924bb15dd10adec"
                                            ]
                                        ]
                                    ],
                                    "vcf_infotags_other.tsv:md5,af23151e2cd6cb250f52342a15b51074",
                                    "vcf_infotags_vep.tsv:md5,243f198054045d954326898df7d1c861"
                                ]
                            ]
                        ]
                    ]
                ],
                "vep_cache": [
                    [
                        [
                            [
                                [
                                    [
                                        "1-1000000.gz:md5,013a68ce88c09ff7aa0176750722ffbe",
                                        "1-1000000_reg.gz:md5,dde443f5e9e0691b90c16fe9747c49fb",
                                        "10000001-11000000.gz:md5,c69f38e86e35415d440ae6d6bb708de8",
                                        "10000001-11000000_reg.gz:md5,2e5bda6dafb9cc84cc4ac69bb1996cbc",
                                        "1000001-2000000.gz:md5,013a68ce88c09ff7aa0176750722ffbe",
                                        "1000001-2000000_reg.gz:md5,dde443f5e9e0691b90c16fe9747c49fb",
                                        "11000001-12000000.gz:md5,8c11912c0ddeac1e00980c85d6af0a58",
                                        "11000001-12000000_reg.gz:md5,23183391b7357f8543a54db0bf74261c",
                                        "12000001-13000000.gz:md5,befd230a1dd5e907a094f0535b42d070",
                                        "12000001-13000000_reg.gz:md5,55e0b9e143604731c118bc25acd432bb",
                                        "13000001-14000000.gz:md5,013a68ce88c09ff7aa0176750722ffbe",
                                        "13000001-14000000_reg.gz:md5,dde443f5e9e0691b90c16fe9747c49fb",
                                        "14000001-15000000.gz:md5,013a68ce88c09ff7aa0176750722ffbe",
                                        "14000001-15000000_reg.gz:md5,dde443f5e9e0691b90c16fe9747c49fb",
                                        "15000001-16000000.gz:md5,9acccd92d0509b01ed2d71aa0b66cb43",
                                        "15000001-16000000_reg.gz:md5,42a35f954055e4ee0bfb0ceea652da0e",
                                        "16000001-17000000.gz:md5,b372ab13726104acf5f6327ca386aa0d",
                                        "16000001-17000000_reg.gz:md5,0142d3850c5d4263327bf4bdc03cb081",
                                        "17000001-18000000.gz:md5,fe3a2436659f75502b8c86f2f066c185",
                                        "17000001-18000000_reg.gz:md5,0b22a86b2c390c6b5889eea90e474c07",
                                        "18000001-19000000.gz:md5,1a955a6449937f39a5381ef4562b4f5e",
                                        "18000001-19000000_reg.gz:md5,fd0c6d45534b08c026836cc906cb6bc3",
                                        "19000001-20000000.gz:md5,234e2f7f5ac77bcaafe5556ef94cbd2d",
                                        "19000001-20000000_reg.gz:md5,f88848cefb21465b7bf3429983703fc7",
                                        "20000001-21000000.gz:md5,8819ad04b0df0efe35530aabc7ed3bf5",
                                        "20000001-21000000_reg.gz:md5,5642ba735ab9917a2ca755ef375b2668",
                                        "2000001-3000000.gz:md5,013a68ce88c09ff7aa0176750722ffbe",
                                        "2000001-3000000_reg.gz:md5,dde443f5e9e0691b90c16fe9747c49fb",
                                        "21000001-22000000.gz:md5,c1a51477297988d3265332dd7758cf17",
                                        "21000001-22000000_reg.gz:md5,54354eb7be363fbdcfdcb53c3df6dd60",
                                        "22000001-23000000.gz:md5,9b00ee364889122cebf1ad9d1245ae71",
                                        "22000001-23000000_reg.gz:md5,b81d8f46239d606297998a8031dbddb7",
                                        "23000001-24000000.gz:md5,a7440da94bc29ad5e8a5b44de88dec17",
                                        "23000001-24000000_reg.gz:md5,a6292e14f21c286ae44e4237dd7fec9c",
                                        "24000001-25000000.gz:md5,60fa14936577cf8d83fa637e9a9655ba",
                                        "24000001-25000000_reg.gz:md5,81d2ed0a68455295d68e8af4553a366a",
                                        "25000001-26000000.gz:md5,b622a7b44efaec456b6c08b72fa88cb6",
                                        "25000001-26000000_reg.gz:md5,7ff64bd45ab7bfbb673a88a2f880559d",
                                        "26000001-27000000.gz:md5,5c908901d3197ec882df1380af468baf",
                                        "26000001-27000000_reg.gz:md5,15c19aa9a2e905973a886b76cfbdb536",
                                        "27000001-28000000.gz:md5,a7823037a34fe25bdd84369674722120",
                                        "27000001-28000000_reg.gz:md5,ae04d7eff39616fa0893dd5427526a0d",
                                        "28000001-29000000.gz:md5,e4593357a3e55e9eb34e5b55b5ef2f61",
                                        "28000001-29000000_reg.gz:md5,e3913f8b6b20b95e9ce8547980139d31",
                                        "29000001-30000000.gz:md5,2e693c50f9666f4ba696992819e2a1a4",
                                        "29000001-30000000_reg.gz:md5,f0f8c19c2bd4960b429b32445c97bcb7",
                                        "30000001-31000000.gz:md5,537228458f0447dd84b876503e3ff670",
                                        "30000001-31000000_reg.gz:md5,697fc608357e3263a75041335002aae5",
                                        "3000001-4000000.gz:md5,013a68ce88c09ff7aa0176750722ffbe",
                                        "3000001-4000000_reg.gz:md5,dde443f5e9e0691b90c16fe9747c49fb",
                                        "31000001-32000000.gz:md5,9a1b25771e67bd7639acb50482ea09b4",
                                        "31000001-32000000_reg.gz:md5,bead77556cb8c768de9e9e9609bc4314",
                                        "32000001-33000000.gz:md5,4da5290ea16f8859022dd8a4649b7d1b",
                                        "32000001-33000000_reg.gz:md5,fe821f22c04a25bcaa0cf224bd358820",
                                        "33000001-34000000.gz:md5,11d15f4ad9805cba09e6aa7c8b80ca30",
                                        "33000001-34000000_reg.gz:md5,37019f9340061037804fa02b7897c053",
                                        "34000001-35000000.gz:md5,62902e9564fbae53e0172b1c353ad018",
                                        "34000001-35000000_reg.gz:md5,65b87045d5235e5aef77108c864cb686",
                                        "35000001-36000000.gz:md5,27614fb00b67f6fc7f5a0d7314a3293c",
                                        "35000001-36000000_reg.gz:md5,38ba1fb018c14857b96e4858260db2bd",
                                        "36000001-37000000.gz:md5,0c835826f95031180b566d69b922ea52",
                                        "36000001-37000000_reg.gz:md5,87add849bea42552320ad9a8089ff338",
                                        "37000001-38000000.gz:md5,4e8535c27e291275df1fc9a572a01668",
                                        "37000001-38000000_reg.gz:md5,ef0128e91c39c853be37911c71e580f7",
                                        "38000001-39000000.gz:md5,1579367b8ea9ebb9f0f3856d84616598",
                                        "38000001-39000000_reg.gz:md5,7b8c192585bf39303a889c1546b3f326",
                                        "39000001-40000000.gz:md5,9038ba34d4800281deb7516f05e65949",
                                        "39000001-40000000_reg.gz:md5,d4a9fd8f5b043f05195b320e2ba77c4e",
                                        "40000001-41000000.gz:md5,70514dad90cc49b8264a9dfd9a0b972e",
                                        "40000001-41000000_reg.gz:md5,b5679cdcc2b31028496f79d9293e18dd",
                                        "4000001-5000000.gz:md5,013a68ce88c09ff7aa0176750722ffbe",
                                        "4000001-5000000_reg.gz:md5,dde443f5e9e0691b90c16fe9747c49fb",
                                        "41000001-42000000.gz:md5,f0a2d77b17678e3b13699137b4f312c4",
                                        "41000001-42000000_reg.gz:md5,69c3a35dbf88c5449068d79060e2e317",
                                        "42000001-43000000.gz:md5,92fdaff7e46d017fa225cc778b65aa49",
                                        "42000001-43000000_reg.gz:md5,8a1444a2da0b49c05b071d9f9deac367",
                                        "43000001-44000000.gz:md5,56d3068d9eb7205e1d0f91060473602b",
                                        "43000001-44000000_reg.gz:md5,9180754f7e636934dca1fdf177379c2d",
                                        "44000001-45000000.gz:md5,edcefcdc1d84c997b629441c456798b2",
                                        "44000001-45000000_reg.gz:md5,919c50ca9ef85ba6abfffc49eb63907e",
                                        "45000001-46000000.gz:md5,4be4731892af36d73a253e627514cf0d",
                                        "45000001-46000000_reg.gz:md5,a27df7b45deccb8e82d677f96d7caff1",
                                        "46000001-47000000.gz:md5,bf6b7de8377cc8a8a909dbbb52d11da9",
                                        "46000001-47000000_reg.gz:md5,6ffb049faef03961554afaf0202b188b",
                                        "47000001-48000000.gz:md5,37db1cb758bd93aa0d7f94f0a5a3b8bc",
                                        "47000001-48000000_reg.gz:md5,2122162e7e3c157e6715287fe2066e3c",
                                        "48000001-49000000.gz:md5,a83792076a4d614c9fdd604a3bb6105f",
                                        "48000001-49000000_reg.gz:md5,ca552d8684bad1a5c058a4dd7022811e",
                                        "49000001-50000000.gz:md5,81fed4c85e2fc2208fd649f19f4f6e4a",
                                        "49000001-50000000_reg.gz:md5,0f9920dc56e0fa6ee047e6777468cb30",
                                        "50000001-51000000.gz:md5,57d346b5bf7be36568d4888846e95d4b",
                                        "50000001-51000000_reg.gz:md5,b6ab78f5eac3112e8600a26670e45118",
                                        "5000001-6000000.gz:md5,013a68ce88c09ff7aa0176750722ffbe",
                                        "5000001-6000000_reg.gz:md5,dde443f5e9e0691b90c16fe9747c49fb",
                                        "6000001-7000000.gz:md5,013a68ce88c09ff7aa0176750722ffbe",
                                        "6000001-7000000_reg.gz:md5,dde443f5e9e0691b90c16fe9747c49fb",
                                        "7000001-8000000.gz:md5,013a68ce88c09ff7aa0176750722ffbe",
                                        "7000001-8000000_reg.gz:md5,dde443f5e9e0691b90c16fe9747c49fb",
                                        "8000001-9000000.gz:md5,013a68ce88c09ff7aa0176750722ffbe",
                                        "8000001-9000000_reg.gz:md5,dde443f5e9e0691b90c16fe9747c49fb",
                                        "9000001-10000000.gz:md5,013a68ce88c09ff7aa0176750722ffbe",
                                        "9000001-10000000_reg.gz:md5,dde443f5e9e0691b90c16fe9747c49fb",
                                        "all_vars.gz:md5,172945fd30fd0003ea72ad48498c8e2c",
                                        "all_vars.gz.csi:md5,4241b18d73eb75d5a097bb493a648c95"
                                    ],
                                    [
                                        "1-1000000.gz:md5,f29adc726f780985ef55981f4fabe98d",
                                        "1-1000000_reg.gz:md5,961fc868c482033b650adda7ae07abc0",
                                        "all_vars.gz:md5,58cdc2bc273c0c7047ede54a9593ed57",
                                        "all_vars.gz.csi:md5,fd554835dd3430a6aea1e070bf8b4ec6"
                                    ],
                                    "chr_synonyms.txt:md5,0a6483d0383218068ee3159095d9af61",
                                    "info.txt:md5,0c621e6c66a03103a58a03336d91c45a"
                                ]
                            ]
                        ]
                    ]
                ]
            }
        ],
        "meta": {
            "nf-test": "0.9.3",
            "nextflow": "25.10.2"
        },
        "timestamp": "2026-03-16T11:08:53.172205"
    }
}