{
    "-profile test | CPSR": {
        "content": [
            11,
            {
                "BCFTOOLS_FILTER": {
                    "bcftools": "1.23.1"
                },
                "BCFTOOLS_NORM": {
                    "bcftools": "1.23.1"
                },
                "CPSR_RUN": {
                    "cpsr": "2.2.5"
                },
                "HTSLIB_BGZIPTABIX": {
                    "htslib": 1.24,
                    "xz": "5.8.3"
                },
                "UNTAR_PCGR_DB": {
                    "untar": 1.34
                },
                "UNTAR_VEP_CACHE": {
                    "untar": 1.34
                }
            },
            [
                "bcftools",
                "bcftools/filter",
                "bcftools/filter/NA12878.deepvariant_calls.deepvariant.norm.filtered.vcf.gz",
                "bcftools/filter/NA12878.deepvariant_calls.deepvariant.norm.filtered.vcf.gz.tbi",
                "bcftools/filter/NA12878.haplotypecaller_calls.haplotypecaller.norm.filtered.vcf.gz",
                "bcftools/filter/NA12878.haplotypecaller_calls.haplotypecaller.norm.filtered.vcf.gz.tbi",
                "bcftools/norm",
                "bcftools/norm/NA12878.deepvariant_calls.deepvariant.norm.vcf.gz",
                "bcftools/norm/NA12878.deepvariant_calls.deepvariant.norm.vcf.gz.tbi",
                "bcftools/norm/NA12878.haplotypecaller_calls.haplotypecaller.norm.vcf.gz",
                "bcftools/norm/NA12878.haplotypecaller_calls.haplotypecaller.norm.vcf.gz.tbi",
                "cpsr",
                "cpsr/NA12878.deepvariant_calls",
                "cpsr/NA12878.deepvariant_calls/NA12878.deepvariant_calls.cpsr.grch38.classification.tsv.gz",
                "cpsr/NA12878.deepvariant_calls/NA12878.deepvariant_calls.cpsr.grch38.conf.yaml",
                "cpsr/NA12878.deepvariant_calls/NA12878.deepvariant_calls.cpsr.grch38.html",
                "cpsr/NA12878.deepvariant_calls/NA12878.deepvariant_calls.cpsr.grch38.pass.tsv.gz",
                "cpsr/NA12878.deepvariant_calls/NA12878.deepvariant_calls.cpsr.grch38.pass.vcf.gz",
                "cpsr/NA12878.deepvariant_calls/NA12878.deepvariant_calls.cpsr.grch38.pass.vcf.gz.tbi",
                "cpsr/NA12878.deepvariant_calls/NA12878.deepvariant_calls.cpsr.grch38.vcf.gz",
                "cpsr/NA12878.deepvariant_calls/NA12878.deepvariant_calls.cpsr.grch38.vcf.gz.tbi",
                "cpsr/NA12878.deepvariant_calls/NA12878.deepvariant_calls.cpsr.grch38.xlsx",
                "cpsr/NA12878.haplotypecaller_calls",
                "cpsr/NA12878.haplotypecaller_calls/NA12878.haplotypecaller_calls.cpsr.grch38.classification.tsv.gz",
                "cpsr/NA12878.haplotypecaller_calls/NA12878.haplotypecaller_calls.cpsr.grch38.conf.yaml",
                "cpsr/NA12878.haplotypecaller_calls/NA12878.haplotypecaller_calls.cpsr.grch38.html",
                "cpsr/NA12878.haplotypecaller_calls/NA12878.haplotypecaller_calls.cpsr.grch38.pass.tsv.gz",
                "cpsr/NA12878.haplotypecaller_calls/NA12878.haplotypecaller_calls.cpsr.grch38.pass.vcf.gz",
                "cpsr/NA12878.haplotypecaller_calls/NA12878.haplotypecaller_calls.cpsr.grch38.pass.vcf.gz.tbi",
                "cpsr/NA12878.haplotypecaller_calls/NA12878.haplotypecaller_calls.cpsr.grch38.vcf.gz",
                "cpsr/NA12878.haplotypecaller_calls/NA12878.haplotypecaller_calls.cpsr.grch38.vcf.gz.tbi",
                "cpsr/NA12878.haplotypecaller_calls/NA12878.haplotypecaller_calls.cpsr.grch38.xlsx",
                "htslib",
                "htslib/NA12878.deepvariant_calls.deepvariant.vcf.gz",
                "htslib/NA12878.deepvariant_calls.deepvariant.vcf.gz.tbi",
                "htslib/NA12878.haplotypecaller_calls.haplotypecaller.vcf.gz",
                "htslib/NA12878.haplotypecaller_calls.haplotypecaller.vcf.gz.tbi",
                "multiqc",
                "multiqc/multiqc_data",
                "multiqc/multiqc_data/llms-full.txt",
                "multiqc/multiqc_data/multiqc.log",
                "multiqc/multiqc_data/multiqc.parquet",
                "multiqc/multiqc_data/multiqc_citations.txt",
                "multiqc/multiqc_data/multiqc_data.json",
                "multiqc/multiqc_data/multiqc_software_versions.txt",
                "multiqc/multiqc_data/multiqc_sources.txt",
                "multiqc/multiqc_report.html",
                "pipeline_info",
                "pipeline_info/nf_core_variantprioritization_software_mqc_versions.yml",
                "reference"
            ],
            [
                "NA12878.deepvariant_calls.cpsr.grch38.classification.tsv.gz:md5,a19e3177fa4277eca084d6c6a84c410b",
                "NA12878.deepvariant_calls.cpsr.grch38.pass.tsv.gz:md5,34631e3b7f9cbf40833551f2f81859eb",
                "NA12878.haplotypecaller_calls.cpsr.grch38.classification.tsv.gz:md5,9a67a750b193076fde5a1c6519405693",
                "NA12878.haplotypecaller_calls.cpsr.grch38.pass.tsv.gz:md5,c8907872ceb0b79b05702de5808bcf0c",
                "multiqc_citations.txt:md5,4c806e63a283ec1b7e78cdae3a923d4f"
            ],
            [
                "NA12878.deepvariant_calls.deepvariant.norm.filtered.vcf.gz:md5,838148d91b559d39859ccc7b6140f293",
                "NA12878.haplotypecaller_calls.haplotypecaller.norm.filtered.vcf.gz:md5,1d51f07c55b96bb3ec253bc978774ca",
                "NA12878.deepvariant_calls.deepvariant.norm.vcf.gz:md5,272363f93f21b7a9adc6dcad78647116",
                "NA12878.haplotypecaller_calls.haplotypecaller.norm.vcf.gz:md5,4f2f21777d10571f444f0f3a9c80aadc",
                "NA12878.deepvariant_calls.cpsr.grch38.pass.vcf.gz:md5,bdf4fb97f567688f96754f254749395a",
                "NA12878.deepvariant_calls.cpsr.grch38.vcf.gz:md5,c88ab4643b47fea988a2a0453afe1c8",
                "NA12878.haplotypecaller_calls.cpsr.grch38.pass.vcf.gz:md5,57cee0c5b2754cc1daf140d60ecb1f57",
                "NA12878.haplotypecaller_calls.cpsr.grch38.vcf.gz:md5,57cee0c5b2754cc1daf140d60ecb1f57",
                "NA12878.deepvariant_calls.deepvariant.vcf.gz:md5,cb0e388d8c5cbaa713ea8c9fe520a1d9",
                "NA12878.haplotypecaller_calls.haplotypecaller.vcf.gz:md5,7640573b8d479247fc65bc5903be0ccd",
                "clinvar.vcf.gz:md5,8d3b4f3fa176287738ae82e72e26eac9",
                "dbmts.vcf.gz:md5,fe9d26d3f24a49fde2d98a62ec329de5",
                "dbnsfp.vcf.gz:md5,9fe7521182b9bd0c07f233f168504e8f",
                "gnomad_non_cancer.vcf.gz:md5,f99e849c822aea50002d9947289851a",
                "gwas.vcf.gz:md5,146d63e3f86f2134f40df3935be74567",
                "tcga.vcf.gz:md5,3e2b15b380d9a7d23cbb2222a4c07341"
            ],
            "No warnings"
        ],
        "timestamp": "2026-07-14T18:22:49.744415348",
        "meta": {
            "nf-test": "0.9.5",
            "nextflow": "26.04.2"
        }
    }
}